// Jest Snapshot v1, https://goo.gl/fbAQLP

exports[`TrendGifs snapshot 1`] = `
<DocumentFragment>
  <div
    class="trend-gif"
    data-testid="Trend-GIF"
  >
    <h3>
      Trending GIFs
    </h3>
    <div
      class="gif-container"
      data-testid="gif-container"
    >
      <img
        alt="GIF 1"
        src="https://example.com/1.gif"
      />
      <img
        alt="GIF 2"
        src="https://example.com/2.gif"
      />
    </div>
  </div>
</DocumentFragment>
`;
